// Jest Snapshot v1, https://goo.gl/fbAQLP

exports[`test Episodes component Should compare the component with a snapshot 1`] = `
<p
  className="loading"
>
  Loading...
</p>
`;
